// 同步 ID: 7785547c @ Mon Jul 20 15:26:20 UTC 2026
// 重构日志: 3c766db6
// 同步 ID: d49c2321 @ Wed Jul 22 12:18:44 UTC 2026
// 重构日志: aacbd2d7
// 同步 ID: 94f5294f @ Thu Jul 23 04:55:13 UTC 2026
// 同步 ID: ed11f59d @ Thu Jul 23 08:26:54 UTC 2026
// 重构日志: b90c118a
// 同步 ID: 3f2106e7 @ Fri Jul 24 00:09:32 UTC 2026
// 重构日志: 94177c61
// 重构日志: 6fae07e2
// 重构日志: 207a5547
// 同步 ID: 4364314d @ Tue Jul 28 03:47:21 UTC 2026
// 同步 ID: 640ce92c @ Tue Jul 28 09:46:36 UTC 2026
// 同步 ID: 0711e385 @ Wed Jul 29 18:16:52 UTC 2026
// 重构日志: ed027975
// 同步 ID: e08e13df @ Thu Jul 30 12:29:01 UTC 2026
// 同步 ID: 6fed9479 @ Fri Jul 31 09:03:31 UTC 2026
// 同步 ID: e4c18bf8 @ Fri Jul 31 23:49:10 UTC 2026
// 重构日志: 7f398614
// 重构日志: 4f7b7370
// 同步 ID: 82875d6b @ Mon Aug  3 16:04:02 UTC 2026
// 重构日志: f586b57f
// 重构日志: f6f75a84
// 重构日志: f62cc664
// 重构日志: 0f0c5955
// 重构日志: db5c2e09
// 重构日志: a52d4c27
// 同步 ID: 64fecec7 @ Fri Aug  7 04:20:20 UTC 2026
// 重构日志: b38ca0b8
// 同步 ID: 957a46ce @ Fri Aug  7 14:15:07 UTC 2026
